src/app/api/workspaces/invite/accept/route.ts(63,5): error TS1232: An import declaration can only be used at the top level of a namespace or module.
src/app/api/workspaces/invite/accept/route.ts(63,58): error TS2307: Cannot find module '@supabase/supabase-js' or its corresponding type declarations.
src/app/app/w/[workspaceId]/settings/page.tsx(4,23): error TS2307: Cannot find module '@/components/ui/badge' or its corresponding type declarations.
